Archive member included to satisfy reference by file (symbol)

/opt/Atollic_TrueSTUDIO_for_STM32_x86_64_9.0.1/ARMTools/bin/../lib/gcc/arm-atollic-eabi/6.3.1/../../../../arm-atollic-eabi/lib/armv7e-m/fpu/libc_nano.a(lib_a-init.o)
                              src/startup_stm32f303xc.o (__libc_init_array)
/opt/Atollic_TrueSTUDIO_for_STM32_x86_64_9.0.1/ARMTools/bin/../lib/gcc/arm-atollic-eabi/6.3.1/../../../../arm-atollic-eabi/lib/armv7e-m/fpu/libc_nano.a(lib_a-strlen.o)
                              src/tiny_printf.o (strlen)
/opt/Atollic_TrueSTUDIO_for_STM32_x86_64_9.0.1/ARMTools/bin/../lib/gcc/arm-atollic-eabi/6.3.1/../../../../arm-atollic-eabi/lib/armv7e-m/fpu/libnosys.a(write.o)
                              src/tiny_printf.o (_write)
/opt/Atollic_TrueSTUDIO_for_STM32_x86_64_9.0.1/ARMTools/bin/../lib/gcc/arm-atollic-eabi/6.3.1/../../../../arm-atollic-eabi/lib/armv7e-m/fpu/libnosys.a(errno.o)
                              /opt/Atollic_TrueSTUDIO_for_STM32_x86_64_9.0.1/ARMTools/bin/../lib/gcc/arm-atollic-eabi/6.3.1/../../../../arm-atollic-eabi/lib/armv7e-m/fpu/libnosys.a(write.o) (errno)

Allocating common symbols
Common symbol       size              file

errno               0x4               /opt/Atollic_TrueSTUDIO_for_STM32_x86_64_9.0.1/ARMTools/bin/../lib/gcc/arm-atollic-eabi/6.3.1/../../../../arm-atollic-eabi/lib/armv7e-m/fpu/libnosys.a(errno.o)

Discarded input sections

 .text          0x0000000000000000        0x0 /opt/Atollic_TrueSTUDIO_for_STM32_x86_64_9.0.1/ARMTools/bin/../lib/gcc/arm-atollic-eabi/6.3.1/armv7e-m/fpu/crti.o
 .data          0x0000000000000000        0x0 /opt/Atollic_TrueSTUDIO_for_STM32_x86_64_9.0.1/ARMTools/bin/../lib/gcc/arm-atollic-eabi/6.3.1/armv7e-m/fpu/crti.o
 .bss           0x0000000000000000        0x0 /opt/Atollic_TrueSTUDIO_for_STM32_x86_64_9.0.1/ARMTools/bin/../lib/gcc/arm-atollic-eabi/6.3.1/armv7e-m/fpu/crti.o
 .data          0x0000000000000000        0x4 /opt/Atollic_TrueSTUDIO_for_STM32_x86_64_9.0.1/ARMTools/bin/../lib/gcc/arm-atollic-eabi/6.3.1/armv7e-m/fpu/crtbegin.o
 .text          0x0000000000000000        0x0 Drivers/LowLevel/src/stm32f3xx_ll_adc.o
 .data          0x0000000000000000        0x0 Drivers/LowLevel/src/stm32f3xx_ll_adc.o
 .bss           0x0000000000000000        0x0 Drivers/LowLevel/src/stm32f3xx_ll_adc.o
 .text.LL_ADC_REG_SetTriggerSource
                0x0000000000000000       0x26 Drivers/LowLevel/src/stm32f3xx_ll_adc.o
 .text.LL_ADC_REG_SetSequencerLength
                0x0000000000000000       0x26 Drivers/LowLevel/src/stm32f3xx_ll_adc.o
 .text.LL_ADC_INJ_SetTriggerSource
                0x0000000000000000       0x26 Drivers/LowLevel/src/stm32f3xx_ll_adc.o
 .text.LL_ADC_INJ_SetQueueMode
                0x0000000000000000       0x26 Drivers/LowLevel/src/stm32f3xx_ll_adc.o
 .text.LL_ADC_Disable
                0x0000000000000000       0x28 Drivers/LowLevel/src/stm32f3xx_ll_adc.o
 .text.LL_ADC_IsEnabled
                0x0000000000000000       0x26 Drivers/LowLevel/src/stm32f3xx_ll_adc.o
 .text.LL_ADC_IsDisableOngoing
                0x0000000000000000       0x26 Drivers/LowLevel/src/stm32f3xx_ll_adc.o
 .text.LL_ADC_REG_StopConversion
                0x0000000000000000       0x28 Drivers/LowLevel/src/stm32f3xx_ll_adc.o
 .text.LL_ADC_REG_IsConversionOngoing
                0x0000000000000000       0x26 Drivers/LowLevel/src/stm32f3xx_ll_adc.o
 .text.LL_ADC_REG_IsStopConversionOngoing
                0x0000000000000000       0x26 Drivers/LowLevel/src/stm32f3xx_ll_adc.o
 .text.LL_ADC_INJ_StopConversion
                0x0000000000000000       0x28 Drivers/LowLevel/src/stm32f3xx_ll_adc.o
 .text.LL_ADC_INJ_IsConversionOngoing
                0x0000000000000000       0x26 Drivers/LowLevel/src/stm32f3xx_ll_adc.o
 .text.LL_ADC_INJ_IsStopConversionOngoing
                0x0000000000000000       0x26 Drivers/LowLevel/src/stm32f3xx_ll_adc.o
 .text.LL_AHB1_GRP1_ForceReset
                0x0000000000000000       0x24 Drivers/LowLevel/src/stm32f3xx_ll_adc.o
 .text.LL_AHB1_GRP1_ReleaseReset
                0x0000000000000000       0x28 Drivers/LowLevel/src/stm32f3xx_ll_adc.o
 .text.LL_ADC_CommonDeInit
                0x0000000000000000       0x4c Drivers/LowLevel/src/stm32f3xx_ll_adc.o
 .text.LL_ADC_CommonInit
                0x0000000000000000       0xbc Drivers/LowLevel/src/stm32f3xx_ll_adc.o
 .text.LL_ADC_CommonStructInit
                0x0000000000000000       0x2e Drivers/LowLevel/src/stm32f3xx_ll_adc.o
 .text.LL_ADC_DeInit
                0x0000000000000000      0x260 Drivers/LowLevel/src/stm32f3xx_ll_adc.o
 .text.LL_ADC_Init
                0x0000000000000000       0x4c Drivers/LowLevel/src/stm32f3xx_ll_adc.o
 .text.LL_ADC_StructInit
                0x0000000000000000       0x26 Drivers/LowLevel/src/stm32f3xx_ll_adc.o
 .text.LL_ADC_REG_Init
                0x0000000000000000       0x94 Drivers/LowLevel/src/stm32f3xx_ll_adc.o
 .text.LL_ADC_REG_StructInit
                0x0000000000000000       0x3a Drivers/LowLevel/src/stm32f3xx_ll_adc.o
[...]
Memory Configuration

Name             Origin             Length             Attributes
FLASH            0x0000000008000000 0x0000000000040000 xr
RAM              0x0000000020000000 0x000000000000a000 xrw
MEMORY_B1        0x0000000060000000 0x0000000000000000 xr
CCMRAM           0x0000000010000000 0x0000000000002000 rw
*default*        0x0000000000000000 0xffffffffffffffff

Linker script and memory map

LOAD /opt/Atollic_TrueSTUDIO_for_STM32_x86_64_9.0.1/ARMTools/bin/../lib/gcc/arm-atollic-eabi/6.3.1/armv7e-m/fpu/crti.o
LOAD /opt/Atollic_TrueSTUDIO_for_STM32_x86_64_9.0.1/ARMTools/bin/../lib/gcc/arm-atollic-eabi/6.3.1/armv7e-m/fpu/crtbegin.o
LOAD Drivers/LowLevel/src/stm32f3xx_ll_adc.o
LOAD Drivers/LowLevel/src/stm32f3xx_ll_comp.o
LOAD Drivers/LowLevel/src/stm32f3xx_ll_crc.o
LOAD Drivers/LowLevel/src/stm32f3xx_ll_dac.o
LOAD Drivers/LowLevel/src/stm32f3xx_ll_dma.o
LOAD Drivers/LowLevel/src/stm32f3xx_ll_exti.o
LOAD Drivers/LowLevel/src/stm32f3xx_ll_fmc.o
LOAD Drivers/LowLevel/src/stm32f3xx_ll_gpio.o
LOAD Drivers/LowLevel/src/stm32f3xx_ll_hrtim.o
LOAD Drivers/LowLevel/src/stm32f3xx_ll_i2c.o
LOAD Drivers/LowLevel/src/stm32f3xx_ll_opamp.o
LOAD Drivers/LowLevel/src/stm32f3xx_ll_pwr.o
LOAD Drivers/LowLevel/src/stm32f3xx_ll_rcc.o
LOAD Drivers/LowLevel/src/stm32f3xx_ll_rtc.o
LOAD Drivers/LowLevel/src/stm32f3xx_ll_spi.o
LOAD Drivers/LowLevel/src/stm32f3xx_ll_tim.o
LOAD Drivers/LowLevel/src/stm32f3xx_ll_usart.o
LOAD Drivers/LowLevel/src/stm32f3xx_ll_utils.o
LOAD FATFs/ff.o
LOAD FATFs/option/syscall.o
LOAD FATFs/sd_stm32.o
LOAD src/main.o
LOAD src/spi.o
LOAD src/startup_stm32f303xc.o
LOAD src/system_stm32f3xx.o
LOAD src/tiny_printf.o
                0x0000000000001000                malloc_getpagesize_P = 0x1000
START GROUP
LOAD /opt/Atollic_TrueSTUDIO_for_STM32_x86_64_9.0.1/ARMTools/bin/../lib/gcc/arm-atollic-eabi/6.3.1/../../../../arm-atollic-eabi/lib/armv7e-m/fpu/libstdc++_nano.a
LOAD /opt/Atollic_TrueSTUDIO_for_STM32_x86_64_9.0.1/ARMTools/bin/../lib/gcc/arm-atollic-eabi/6.3.1/../../../../arm-atollic-eabi/lib/armv7e-m/fpu/libsupc++_nano.a
END GROUP
LOAD /opt/Atollic_TrueSTUDIO_for_STM32_x86_64_9.0.1/ARMTools/bin/../lib/gcc/arm-atollic-eabi/6.3.1/../../../../arm-atollic-eabi/lib/armv7e-m/fpu/libstdc++_nano.a
LOAD /opt/Atollic_TrueSTUDIO_for_STM32_x86_64_9.0.1/ARMTools/bin/../lib/gcc/arm-atollic-eabi/6.3.1/../../../../arm-atollic-eabi/lib/armv7e-m/fpu/libm.a
LOAD /opt/Atollic_TrueSTUDIO_for_STM32_x86_64_9.0.1/ARMTools/bin/../lib/gcc/arm-atollic-eabi/6.3.1/../../../../arm-atollic-eabi/lib/armv7e-m/fpu/libc_nano.a
START GROUP
LOAD /opt/Atollic_TrueSTUDIO_for_STM32_x86_64_9.0.1/ARMTools/bin/../lib/gcc/arm-atollic-eabi/6.3.1/armv7e-m/fpu/libgcc.a
LOAD /opt/Atollic_TrueSTUDIO_for_STM32_x86_64_9.0.1/ARMTools/bin/../lib/gcc/arm-atollic-eabi/6.3.1/../../../../arm-atollic-eabi/lib/armv7e-m/fpu/libc_nano.a
END GROUP
START GROUP
LOAD /opt/Atollic_TrueSTUDIO_for_STM32_x86_64_9.0.1/ARMTools/bin/../lib/gcc/arm-atollic-eabi/6.3.1/armv7e-m/fpu/libgcc.a
LOAD /opt/Atollic_TrueSTUDIO_for_STM32_x86_64_9.0.1/ARMTools/bin/../lib/gcc/arm-atollic-eabi/6.3.1/../../../../arm-atollic-eabi/lib/armv7e-m/fpu/libc_nano.a
LOAD /opt/Atollic_TrueSTUDIO_for_STM32_x86_64_9.0.1/ARMTools/bin/../lib/gcc/arm-atollic-eabi/6.3.1/../../../../arm-atollic-eabi/lib/armv7e-m/fpu/libnosys.a
END GROUP
START GROUP
LOAD /opt/Atollic_TrueSTUDIO_for_STM32_x86_64_9.0.1/ARMTools/bin/../lib/gcc/arm-atollic-eabi/6.3.1/armv7e-m/fpu/libgcc.a
LOAD /opt/Atollic_TrueSTUDIO_for_STM32_x86_64_9.0.1/ARMTools/bin/../lib/gcc/arm-atollic-eabi/6.3.1/../../../../arm-atollic-eabi/lib/armv7e-m/fpu/libc_nano.a
LOAD /opt/Atollic_TrueSTUDIO_for_STM32_x86_64_9.0.1/ARMTools/bin/../lib/gcc/arm-atollic-eabi/6.3.1/../../../../arm-atollic-eabi/lib/armv7e-m/fpu/libnosys.a
END GROUP
LOAD /opt/Atollic_TrueSTUDIO_for_STM32_x86_64_9.0.1/ARMTools/bin/../lib/gcc/arm-atollic-eabi/6.3.1/armv7e-m/fpu/crtend.o
LOAD /opt/Atollic_TrueSTUDIO_for_STM32_x86_64_9.0.1/ARMTools/bin/../lib/gcc/arm-atollic-eabi/6.3.1/armv7e-m/fpu/crtn.o
                0x000000002000a000                _estack = 0x2000a000
                0x0000000000000000                _Min_Heap_Size = 0x0
                0x0000000000000200                _Min_Stack_Size = 0x200

.isr_vector     0x0000000008000000      0x188
                0x0000000008000000                . = ALIGN (0x4)
 *(.isr_vector)
 .isr_vector    0x0000000008000000      0x188 src/startup_stm32f303xc.o
                0x0000000008000000                g_pfnVectors
                0x0000000008000188                . = ALIGN (0x4)

.text           0x0000000008000188     0x2f88
                0x0000000008000188                . = ALIGN (0x4)
 *(.text)
 .text          0x0000000008000188       0x40 /opt/Atollic_TrueSTUDIO_for_STM32_x86_64_9.0.1/ARMTools/bin/../lib/gcc/arm-atollic-eabi/6.3.1/armv7e-m/fpu/crtbegin.o
 *(.text*)
 .text.LL_SPI_IsEnabled
                0x00000000080001c8       0x26 Drivers/LowLevel/src/stm32f3xx_ll_spi.o
 .text.LL_SPI_SetCRCPolynomial
                0x00000000080001ee       0x20 Drivers/LowLevel/src/stm32f3xx_ll_spi.o
 .text.LL_SPI_Init
                0x000000000800020e       0xa8 Drivers/LowLevel/src/stm32f3xx_ll_spi.o
                0x000000000800020e                LL_SPI_Init
 *fill*         0x00000000080002b6        0x2 
 .text.get_fattime
                0x00000000080002b8       0x14 FATFs/ff.o
                0x00000000080002b8                get_fattime
 .text.mem_cpy  0x00000000080002cc       0x3c FATFs/ff.o
 .text.mem_set  0x0000000008000308       0x34 FATFs/ff.o
 .text.mem_cmp  0x000000000800033c       0x4e FATFs/ff.o
 .text.chk_chr  0x000000000800038a       0x36 FATFs/ff.o
 .text.move_window
                0x00000000080003c0       0xb4 FATFs/ff.o
 .text.sync     0x0000000008000474      0x142 FATFs/ff.o
 .text.clust2sect
                0x00000000080005b6       0x3e FATFs/ff.o
                0x00000000080005b6                clust2sect
 .text.get_fat  0x00000000080005f4      0x15e FATFs/ff.o
                0x00000000080005f4                get_fat
 .text.put_fat  0x0000000008000752      0x200 FATFs/ff.o
                0x0000000008000752                put_fat
 .text.remove_chain
                0x0000000008000952       0x9e FATFs/ff.o
 .text.create_chain
                0x00000000080009f0      0x112 FATFs/ff.o
 .text.dir_sdi  0x0000000008000b02      0x104 FATFs/ff.o
 .text.dir_next
                0x0000000008000c06      0x1a8 FATFs/ff.o
 .text.dir_find
                0x0000000008000dae       0x96 FATFs/ff.o
 .text.dir_register
                0x0000000008000e44       0xae FATFs/ff.o
 *fill*         0x0000000008000ef2        0x2 
 .text.create_name
                0x0000000008000ef4      0x168 FATFs/ff.o
 .text.follow_path
                0x000000000800105c       0xfa FATFs/ff.o
 *fill*         0x0000000008001156        0x2 
 .text.check_fs
                0x0000000008001158       0xcc FATFs/ff.o
 .text.chk_mounted
                0x0000000008001224      0x520 FATFs/ff.o
 .text.validate
                0x0000000008001744       0x4a FATFs/ff.o
 *fill*         0x000000000800178e        0x2 
 .text.f_mount  0x0000000008001790       0x54 FATFs/ff.o
                0x0000000008001790                f_mount
 .text.f_open   0x00000000080017e4      0x2da FATFs/ff.o
                0x00000000080017e4                f_open
 .text.f_read   0x0000000008001abe      0x2b0 FATFs/ff.o
                0x0000000008001abe                f_read
 .text.f_sync   0x0000000008001d6e      0x17e FATFs/ff.o
                0x0000000008001d6e                f_sync
 .text.f_close  0x0000000008001eec       0x28 FATFs/ff.o
                0x0000000008001eec                f_close
 .text._ZL6SELECTv
                0x0000000008001f14        0xc FATFs/sd_stm32.o
 .text._ZL8DESELECTv
                0x0000000008001f20        0xc FATFs/sd_stm32.o
 .text._ZL8xmit_spih
                0x0000000008001f2c       0x1a FATFs/sd_stm32.o
 .text._ZL8rcvr_spiv
                0x0000000008001f46       0x1e FATFs/sd_stm32.o
 .text._ZL10rcvr_spi_mPh
                0x0000000008001f64       0x1c FATFs/sd_stm32.o
 .text._ZL10wait_readyv
                0x0000000008001f80       0x44 FATFs/sd_stm32.o
 .text._ZL8power_onv
                0x0000000008001fc4       0x34 FATFs/sd_stm32.o
 .text._ZL9power_offv
                0x0000000008001ff8       0x18 FATFs/sd_stm32.o
 .text._ZL9chk_powerv
                0x0000000008002010       0x18 FATFs/sd_stm32.o
 .text._ZL14rcvr_datablockPhj
                0x0000000008002028       0x84 FATFs/sd_stm32.o
 .text._ZL14xmit_datablockPKhh
                0x00000000080020ac       0xc6 FATFs/sd_stm32.o
 .text._ZL8send_cmdhm
                0x0000000008002172       0xba FATFs/sd_stm32.o
 .text.disk_initialize
                0x000000000800222c      0x23c FATFs/sd_stm32.o
                0x000000000800222c                disk_initialize
 .text.disk_status
                0x0000000008002468       0x2c FATFs/sd_stm32.o
                0x0000000008002468                disk_status
 .text.disk_read
                0x0000000008002494      0x108 FATFs/sd_stm32.o
                0x0000000008002494                disk_read
 .text.disk_write
                0x000000000800259c      0x150 FATFs/sd_stm32.o
                0x000000000800259c                disk_write
 .text.disk_ioctl
                0x00000000080026ec      0x2a0 FATFs/sd_stm32.o
                0x00000000080026ec                disk_ioctl
 .text.main     0x000000000800298c       0xe8 src/main.o
                0x000000000800298c                main
 .text.LL_AHB1_GRP1_EnableClock
                0x0000000008002a74       0x30 src/spi.o
 .text.LL_APB1_GRP1_EnableClock
                0x0000000008002aa4       0x30 src/spi.o
 .text.LL_APB1_GRP1_DisableClock
                0x0000000008002ad4       0x28 src/spi.o
 .text.LL_GPIO_SetPinMode
                0x0000000008002afc       0x6e src/spi.o
 .text.LL_GPIO_SetPinOutputType
                0x0000000008002b6a       0x30 src/spi.o
 .text.LL_GPIO_SetPinSpeed
                0x0000000008002b9a       0x6e src/spi.o
 .text.LL_GPIO_SetPinPull
                0x0000000008002c08       0x6e src/spi.o
 .text.LL_GPIO_SetAFPin_8_15
                0x0000000008002c76       0x72 src/spi.o
 .text.LL_GPIO_SetOutputPin
                0x0000000008002ce8       0x1c src/spi.o
 .text.LL_GPIO_ResetOutputPin
                0x0000000008002d04       0x1c src/spi.o
 .text.LL_SPI_Enable
                0x0000000008002d20       0x20 src/spi.o
 .text.LL_SPI_SetRxFIFOThreshold
                0x0000000008002d40       0x26 src/spi.o
 .text.LL_SPI_IsActiveFlag_RXNE
                0x0000000008002d66       0x26 src/spi.o
 .text.LL_SPI_IsActiveFlag_TXE
                0x0000000008002d8c       0x26 src/spi.o
 .text.LL_SPI_ReceiveData8
                0x0000000008002db2       0x1a src/spi.o
 .text.LL_SPI_TransmitData8
                0x0000000008002dcc       0x24 src/spi.o
 .text._ZN9SpiDriverC2Ev
                0x0000000008002df0      0x118 src/spi.o
                0x0000000008002df0                SpiDriver::SpiDriver()
                0x0000000008002df0                SpiDriver::SpiDriver()
 .text._ZN9SpiDriver8SpiCsLowEv
                0x0000000008002f08       0x18 src/spi.o
                0x0000000008002f08                SpiDriver::SpiCsLow()
 .text._ZN9SpiDriver9SpiCsHighEv
                0x0000000008002f20       0x18 src/spi.o
                0x0000000008002f20                SpiDriver::SpiCsHigh()
 .text._ZN9SpiDriver8TransmitEh
                0x0000000008002f38       0x58 src/spi.o
                0x0000000008002f38                SpiDriver::Transmit(unsigned char)
 .text.Reset_Handler
                0x0000000008002f90       0x50 src/startup_stm32f303xc.o
                0x0000000008002f90                Reset_Handler
 .text.Default_Handler
                0x0000000008002fe0        0x2 src/startup_stm32f303xc.o
                0x0000000008002fe0                RTC_Alarm_IRQHandler
                0x0000000008002fe0                TIM8_TRG_COM_IRQHandler
                0x0000000008002fe0                TIM8_CC_IRQHandler
                0x0000000008002fe0                DebugMon_Handler
                0x0000000008002fe0                TIM1_CC_IRQHandler
                0x0000000008002fe0                HardFault_Handler
                0x0000000008002fe0                USB_HP_IRQHandler
                0x0000000008002fe0                SysTick_Handler
                0x0000000008002fe0                PVD_IRQHandler
                0x0000000008002fe0                TAMP_STAMP_IRQHandler
                0x0000000008002fe0                PendSV_Handler
                0x0000000008002fe0                NMI_Handler
                0x0000000008002fe0                EXTI3_IRQHandler
                0x0000000008002fe0                USB_HP_CAN_TX_IRQHandler
                0x0000000008002fe0                EXTI0_IRQHandler
                0x0000000008002fe0                I2C2_EV_IRQHandler
                0x0000000008002fe0                FPU_IRQHandler
                0x0000000008002fe0                TIM1_UP_TIM16_IRQHandler
                0x0000000008002fe0                UsageFault_Handler
                0x0000000008002fe0                ADC1_2_IRQHandler
                0x0000000008002fe0                SPI1_IRQHandler
                0x0000000008002fe0                CAN_SCE_IRQHandler
                0x0000000008002fe0                TIM6_DAC_IRQHandler
                0x0000000008002fe0                TIM8_UP_IRQHandler
                0x0000000008002fe0                DMA2_Channel2_IRQHandler
                0x0000000008002fe0                DMA1_Channel4_IRQHandler
                0x0000000008002fe0                USART3_IRQHandler
                0x0000000008002fe0                DMA1_Channel7_IRQHandler
                0x0000000008002fe0                UART5_IRQHandler
                0x0000000008002fe0                ADC3_IRQHandler
                0x0000000008002fe0                TIM4_IRQHandler
                0x0000000008002fe0                CAN_RX1_IRQHandler
                0x0000000008002fe0                DMA2_Channel1_IRQHandler
                0x0000000008002fe0                I2C1_EV_IRQHandler
                0x0000000008002fe0                DMA1_Channel6_IRQHandler
                0x0000000008002fe0                UART4_IRQHandler
                0x0000000008002fe0                DMA2_Channel4_IRQHandler
                0x0000000008002fe0                TIM3_IRQHandler
                0x0000000008002fe0                RCC_IRQHandler
                0x0000000008002fe0                DMA1_Channel1_IRQHandler
                0x0000000008002fe0                Default_Handler
                0x0000000008002fe0                USBWakeUp_RMP_IRQHandler
                0x0000000008002fe0                EXTI15_10_IRQHandler
                0x0000000008002fe0                TIM7_IRQHandler
                0x0000000008002fe0                EXTI9_5_IRQHandler
                0x0000000008002fe0                RTC_WKUP_IRQHandler
                0x0000000008002fe0                SPI2_IRQHandler
                0x0000000008002fe0                USB_LP_CAN_RX0_IRQHandler
                0x0000000008002fe0                MemManage_Handler
                0x0000000008002fe0                SVC_Handler
                0x0000000008002fe0                DMA2_Channel5_IRQHandler
                0x0000000008002fe0                DMA1_Channel5_IRQHandler
                0x0000000008002fe0                USB_LP_IRQHandler
                0x0000000008002fe0                EXTI4_IRQHandler
                0x0000000008002fe0                TIM1_TRG_COM_TIM17_IRQHandler
                0x0000000008002fe0                DMA1_Channel3_IRQHandler
                0x0000000008002fe0                ADC4_IRQHandler
                0x0000000008002fe0                WWDG_IRQHandler
                0x0000000008002fe0                TIM2_IRQHandler
                0x0000000008002fe0                COMP7_IRQHandler
                0x0000000008002fe0                COMP1_2_3_IRQHandler
                0x0000000008002fe0                EXTI1_IRQHandler
                0x0000000008002fe0                USART2_IRQHandler
                0x0000000008002fe0                COMP4_5_6_IRQHandler
                0x0000000008002fe0                I2C2_ER_IRQHandler
                0x0000000008002fe0                DMA1_Channel2_IRQHandler
                0x0000000008002fe0                TIM8_BRK_IRQHandler
                0x0000000008002fe0                FLASH_IRQHandler
                0x0000000008002fe0                BusFault_Handler
                0x0000000008002fe0                USART1_IRQHandler
                0x0000000008002fe0                SPI3_IRQHandler
                0x0000000008002fe0                I2C1_ER_IRQHandler
                0x0000000008002fe0                USBWakeUp_IRQHandler
                0x0000000008002fe0                DMA2_Channel3_IRQHandler
                0x0000000008002fe0                EXTI2_TSC_IRQHandler
                0x0000000008002fe0                TIM1_BRK_TIM15_IRQHandler
 *fill*         0x0000000008002fe2        0x2 
 .text.SystemInit
                0x0000000008002fe4       0xcc src/system_stm32f3xx.o
                0x0000000008002fe4                SystemInit
 .text.__libc_init_array
                0x00000000080030b0       0x48 /opt/Atollic_TrueSTUDIO_for_STM32_x86_64_9.0.1/ARMTools/bin/../lib/gcc/arm-atollic-eabi/6.3.1/../../../../arm-atollic-eabi/lib/armv7e-m/fpu/libc_nano.a(lib_a-init.o)
                0x00000000080030b0                __libc_init_array
 *(.glue_7)
 .glue_7        0x00000000080030f8        0x0 linker stubs
 *(.glue_7t)
 .glue_7t       0x00000000080030f8        0x0 linker stubs
 *(.eh_frame)
 .eh_frame      0x00000000080030f8        0x0 /opt/Atollic_TrueSTUDIO_for_STM32_x86_64_9.0.1/ARMTools/bin/../lib/gcc/arm-atollic-eabi/6.3.1/armv7e-m/fpu/crtbegin.o
 *(.init)
 .init          0x00000000080030f8        0x4 /opt/Atollic_TrueSTUDIO_for_STM32_x86_64_9.0.1/ARMTools/bin/../lib/gcc/arm-atollic-eabi/6.3.1/armv7e-m/fpu/crti.o
                0x00000000080030f8                _init
 .init          0x00000000080030fc        0x8 /opt/Atollic_TrueSTUDIO_for_STM32_x86_64_9.0.1/ARMTools/bin/../lib/gcc/arm-atollic-eabi/6.3.1/armv7e-m/fpu/crtn.o
 *(.fini)
 .fini          0x0000000008003104        0x4 /opt/Atollic_TrueSTUDIO_for_STM32_x86_64_9.0.1/ARMTools/bin/../lib/gcc/arm-atollic-eabi/6.3.1/armv7e-m/fpu/crti.o
                0x0000000008003104                _fini
 .fini          0x0000000008003108        0x8 /opt/Atollic_TrueSTUDIO_for_STM32_x86_64_9.0.1/ARMTools/bin/../lib/gcc/arm-atollic-eabi/6.3.1/armv7e-m/fpu/crtn.o
                0x0000000008003110                . = ALIGN (0x4)
                0x0000000008003110                _etext = .

.vfp11_veneer   0x0000000008003110        0x0
 .vfp11_veneer  0x0000000008003110        0x0 linker stubs

.v4_bx          0x0000000008003110        0x0
 .v4_bx         0x0000000008003110        0x0 linker stubs

.iplt           0x0000000008003110        0x0
 .iplt          0x0000000008003110        0x0 /opt/Atollic_TrueSTUDIO_for_STM32_x86_64_9.0.1/ARMTools/bin/../lib/gcc/arm-atollic-eabi/6.3.1/armv7e-m/fpu/crtbegin.o

.rodata         0x0000000008003110       0x98
                0x0000000008003110                . = ALIGN (0x4)
 *(.rodata)
 .rodata        0x0000000008003110        0xf FATFs/ff.o
 *fill*         0x000000000800311f        0x1 
 .rodata        0x0000000008003120        0x6 src/main.o
 *(.rodata*)
 *fill*         0x0000000008003126        0x2 
 .rodata.excvt.5560
                0x0000000008003128       0x80 FATFs/ff.o
                0x00000000080031a8                . = ALIGN (0x4)

.rel.dyn        0x00000000080031a8        0x0
 .rel.iplt      0x00000000080031a8        0x0 /opt/Atollic_TrueSTUDIO_for_STM32_x86_64_9.0.1/ARMTools/bin/../lib/gcc/arm-atollic-eabi/6.3.1/armv7e-m/fpu/crtbegin.o

.ARM.extab
 *(.ARM.extab* .gnu.linkonce.armextab.*)

.ARM            0x00000000080031a8        0x0
                0x00000000080031a8                __exidx_start = .
 *(.ARM.exidx*)
                0x00000000080031a8                __exidx_end = .

.preinit_array  0x00000000080031a8        0x0
                0x00000000080031a8                PROVIDE (__preinit_array_start, .)
 *(.preinit_array*)
                0x00000000080031a8                PROVIDE (__preinit_array_end, .)

.init_array     0x00000000080031a8        0x4
                0x00000000080031a8                PROVIDE (__init_array_start, .)
 *(SORT(.init_array.*))
 *(.init_array*)
 .init_array    0x00000000080031a8        0x4 /opt/Atollic_TrueSTUDIO_for_STM32_x86_64_9.0.1/ARMTools/bin/../lib/gcc/arm-atollic-eabi/6.3.1/armv7e-m/fpu/crtbegin.o
                0x00000000080031ac                PROVIDE (__init_array_end, .)

.fini_array     0x00000000080031ac        0x4
                [!provide]                        PROVIDE (__fini_array_start, .)
 *(SORT(.fini_array.*))
 *(.fini_array*)
 .fini_array    0x00000000080031ac        0x4 /opt/Atollic_TrueSTUDIO_for_STM32_x86_64_9.0.1/ARMTools/bin/../lib/gcc/arm-atollic-eabi/6.3.1/armv7e-m/fpu/crtbegin.o
                [!provide]                        PROVIDE (__fini_array_end, .)
                0x00000000080031b0                _sidata = LOADADDR (.data)

.data           0x0000000020000000        0x4 load address 0x00000000080031b0
                0x0000000020000000                . = ALIGN (0x4)
                0x0000000020000000                _sdata = .
 *(.data)
 *(.data*)
 .data._ZL4Stat
                0x0000000020000000        0x1 FATFs/sd_stm32.o
                0x0000000020000004                . = ALIGN (0x4)
 *fill*         0x0000000020000001        0x3 
                0x0000000020000004                _edata = .
                0x00000000080031b4                _siccmram = LOADADDR (.ccmram)

.igot.plt       0x0000000020000004        0x0 load address 0x00000000080031b4
 .igot.plt      0x0000000020000004        0x0 /opt/Atollic_TrueSTUDIO_for_STM32_x86_64_9.0.1/ARMTools/bin/../lib/gcc/arm-atollic-eabi/6.3.1/armv7e-m/fpu/crtbegin.o

.ccmram         0x0000000010000000        0x0 load address 0x00000000080031b4
                0x0000000010000000                . = ALIGN (0x4)
                0x0000000010000000                _sccmram = .
 *(.ccmram)
 *(.ccmram*)
                0x0000000010000000                . = ALIGN (0x4)
                0x0000000010000000                _eccmram = .
                0x0000000010000000                . = ALIGN (0x4)

.bss            0x0000000020000004       0x28
                0x0000000020000004                _sbss = .
                0x0000000020000004                __bss_start__ = _sbss
 *(.bss)
 .bss           0x0000000020000004       0x1c /opt/Atollic_TrueSTUDIO_for_STM32_x86_64_9.0.1/ARMTools/bin/../lib/gcc/arm-atollic-eabi/6.3.1/armv7e-m/fpu/crtbegin.o
 *(.bss*)
 .bss.FatFs     0x0000000020000020        0x4 FATFs/ff.o
 .bss.Fsid      0x0000000020000024        0x2 FATFs/ff.o
 .bss._ZL6Timer1
                0x0000000020000026        0x1 FATFs/sd_stm32.o
 .bss._ZL6Timer2
                0x0000000020000027        0x1 FATFs/sd_stm32.o
 .bss._ZL8CardType
                0x0000000020000028        0x1 FATFs/sd_stm32.o
 .bss._ZL9PowerFlag
                0x0000000020000029        0x1 FATFs/sd_stm32.o
 *(COMMON)
                0x000000002000002c                . = ALIGN (0x4)
 *fill*         0x000000002000002a        0x2 
                0x000000002000002c                _ebss = .
                0x000000002000002c                __bss_end__ = _ebss

._user_heap_stack
                0x000000002000002c      0x200
                0x000000002000002c                . = ALIGN (0x4)
                [!provide]                        PROVIDE (end, .)
                [!provide]                        PROVIDE (_end, .)
                0x000000002000002c                . = (. + _Min_Heap_Size)
                0x000000002000022c                . = (. + _Min_Stack_Size)
 *fill*         0x000000002000002c      0x200 
                0x000000002000022c                . = ALIGN (0x4)

.memory_b1_text
 *(.mb1text)
 *(.mb1text*)
 *(.mb1rodata)
 *(.mb1rodata*)

/DISCARD/
 libc.a(*)
 libm.a(*)
 libgcc.a(*)

.ARM.attributes
                0x0000000000000000       0x30
 *(.ARM.attributes)
 .ARM.attributes
                0x0000000000000000       0x22 /opt/Atollic_TrueSTUDIO_for_STM32_x86_64_9.0.1/ARMTools/bin/../lib/gcc/arm-atollic-eabi/6.3.1/armv7e-m/fpu/crti.o
 .ARM.attributes
                0x0000000000000022       0x34 /opt/Atollic_TrueSTUDIO_for_STM32_x86_64_9.0.1/ARMTools/bin/../lib/gcc/arm-atollic-eabi/6.3.1/armv7e-m/fpu/crtbegin.o
 .ARM.attributes
                0x0000000000000056       0x39 Drivers/LowLevel/src/stm32f3xx_ll_spi.o
 .ARM.attributes
                0x000000000000008f       0x39 FATFs/ff.o
 .ARM.attributes
                0x00000000000000c8       0x39 FATFs/sd_stm32.o
 .ARM.attributes
                0x0000000000000101       0x39 src/main.o
 .ARM.attributes
                0x000000000000013a       0x39 src/spi.o
 .ARM.attributes
                0x0000000000000173       0x21 src/startup_stm32f303xc.o
 .ARM.attributes
                0x0000000000000194       0x39 src/system_stm32f3xx.o
 .ARM.attributes
                0x00000000000001cd       0x34 /opt/Atollic_TrueSTUDIO_for_STM32_x86_64_9.0.1/ARMTools/bin/../lib/gcc/arm-atollic-eabi/6.3.1/../../../../arm-atollic-eabi/lib/armv7e-m/fpu/libc_nano.a(lib_a-init.o)
 .ARM.attributes
                0x0000000000000201       0x22 /opt/Atollic_TrueSTUDIO_for_STM32_x86_64_9.0.1/ARMTools/bin/../lib/gcc/arm-atollic-eabi/6.3.1/armv7e-m/fpu/crtn.o
OUTPUT(wave_player_LL.elf elf32-littlearm)

.debug_info     0x0000000000000000     0x3feb
 .debug_info    0x0000000000000000      0x6d1 Drivers/LowLevel/src/stm32f3xx_ll_spi.o
 .debug_info    0x00000000000006d1     0x1638 FATFs/ff.o
 .debug_info    0x0000000000001d09      0xe3b FATFs/sd_stm32.o
 .debug_info    0x0000000000002b44      0x4a2 src/main.o
 .debug_info    0x0000000000002fe6      0xb32 src/spi.o
 .debug_info    0x0000000000003b18       0x77 src/startup_stm32f303xc.o
 .debug_info    0x0000000000003b8f      0x45c src/system_stm32f3xx.o

.debug_abbrev   0x0000000000000000      0xbbd
 .debug_abbrev  0x0000000000000000      0x1cb Drivers/LowLevel/src/stm32f3xx_ll_spi.o
 .debug_abbrev  0x00000000000001cb      0x1e6 FATFs/ff.o
 .debug_abbrev  0x00000000000003b1      0x2af FATFs/sd_stm32.o
 .debug_abbrev  0x0000000000000660      0x184 src/main.o
 .debug_abbrev  0x00000000000007e4      0x2a8 src/spi.o
 .debug_abbrev  0x0000000000000a8c       0x12 src/startup_stm32f303xc.o
 .debug_abbrev  0x0000000000000a9e      0x11f src/system_stm32f3xx.o

.debug_aranges  0x0000000000000000      0x3c0
 .debug_aranges
                0x0000000000000000       0x90 Drivers/LowLevel/src/stm32f3xx_ll_spi.o
 .debug_aranges
                0x0000000000000090      0x160 FATFs/ff.o
 .debug_aranges
                0x00000000000001f0       0xa8 FATFs/sd_stm32.o
 .debug_aranges
                0x0000000000000298       0x20 src/main.o
 .debug_aranges
                0x00000000000002b8       0xb8 src/spi.o
 .debug_aranges
                0x0000000000000370       0x28 src/startup_stm32f303xc.o
 .debug_aranges
                0x0000000000000398       0x28 src/system_stm32f3xx.o

.debug_ranges   0x0000000000000000      0x358
 .debug_ranges  0x0000000000000000       0x80 Drivers/LowLevel/src/stm32f3xx_ll_spi.o
 .debug_ranges  0x0000000000000080      0x150 FATFs/ff.o
 .debug_ranges  0x00000000000001d0       0x98 FATFs/sd_stm32.o
 .debug_ranges  0x0000000000000268       0x10 src/main.o
 .debug_ranges  0x0000000000000278       0xa8 src/spi.o
 .debug_ranges  0x0000000000000320       0x20 src/startup_stm32f303xc.o
 .debug_ranges  0x0000000000000340       0x18 src/system_stm32f3xx.o

.debug_line     0x0000000000000000     0x1dfb
 .debug_line    0x0000000000000000      0x3bf Drivers/LowLevel/src/stm32f3xx_ll_spi.o
 .debug_line    0x00000000000003bf      0xb84 FATFs/ff.o
 .debug_line    0x0000000000000f43      0x630 FATFs/sd_stm32.o
 .debug_line    0x0000000000001573      0x1db src/main.o
 .debug_line    0x000000000000174e      0x451 src/spi.o
 .debug_line    0x0000000000001b9f       0x7b src/startup_stm32f303xc.o
 .debug_line    0x0000000000001c1a      0x1e1 src/system_stm32f3xx.o

.debug_str      0x0000000000000000     0x1343
 .debug_str     0x0000000000000000      0x4c6 Drivers/LowLevel/src/stm32f3xx_ll_spi.o
                                        0x562 (size before relaxing)
 .debug_str     0x00000000000004c6      0x456 FATFs/ff.o
                                        0x613 (size before relaxing)
 .debug_str     0x000000000000091c      0x636 FATFs/sd_stm32.o
                                        0x84e (size before relaxing)
 .debug_str     0x0000000000000f52       0xdb src/main.o
                                        0x4f3 (size before relaxing)
 .debug_str     0x000000000000102d      0x22c src/spi.o
                                        0x612 (size before relaxing)
 .debug_str     0x0000000000001259       0xea src/system_stm32f3xx.o
                                        0x321 (size before relaxing)

.comment        0x0000000000000000       0x7c
 .comment       0x0000000000000000       0x7c Drivers/LowLevel/src/stm32f3xx_ll_spi.o
                                         0x7d (size before relaxing)
 .comment       0x000000000000007c       0x7d FATFs/ff.o
 .comment       0x000000000000007c       0x7d FATFs/sd_stm32.o
 .comment       0x000000000000007c       0x7d src/main.o
 .comment       0x000000000000007c       0x7d src/spi.o
 .comment       0x000000000000007c       0x7d src/system_stm32f3xx.o

.debug_frame    0x0000000000000000      0xeb8
 .debug_frame   0x0000000000000000      0x254 Drivers/LowLevel/src/stm32f3xx_ll_spi.o
 .debug_frame   0x0000000000000254      0x60c FATFs/ff.o
 .debug_frame   0x0000000000000860      0x290 FATFs/sd_stm32.o
 .debug_frame   0x0000000000000af0       0x34 src/main.o
 .debug_frame   0x0000000000000b24      0x310 src/spi.o
 .debug_frame   0x0000000000000e34       0x58 src/system_stm32f3xx.o
 .debug_frame   0x0000000000000e8c       0x2c /opt/Atollic_TrueSTUDIO_for_STM32_x86_64_9.0.1/ARMTools/bin/../lib/gcc/arm-atollic-eabi/6.3.1/../../../../arm-atollic-eabi/lib/armv7e-m/fpu/libc_nano.a(lib_a-init.o)

.stabstr        0x0000000000000000       0x3f
 .stabstr       0x0000000000000000       0x3f /opt/Atollic_TrueSTUDIO_for_STM32_x86_64_9.0.1/ARMTools/bin/../lib/gcc/arm-atollic-eabi/6.3.1/../../../../arm-atollic-eabi/lib/armv7e-m/fpu/libnosys.a(write.o)

Cross Reference Table

Symbol                                            File
ADC1_2_IRQHandler                                 src/startup_stm32f303xc.o
ADC3_IRQHandler                                   src/startup_stm32f303xc.o
ADC4_IRQHandler                                   src/startup_stm32f303xc.o
AHBPrescTable                                     src/system_stm32f3xx.o
                                                  Drivers/LowLevel/src/stm32f3xx_ll_utils.o
BusFault_Handler                                  src/startup_stm32f303xc.o
CAN_RX1_IRQHandler                                src/startup_stm32f303xc.o
CAN_SCE_IRQHandler                                src/startup_stm32f303xc.o
COMP1_2_3_IRQHandler                              src/startup_stm32f303xc.o
COMP4_5_6_IRQHandler                              src/startup_stm32f303xc.o
COMP7_IRQHandler                                  src/startup_stm32f303xc.o
DMA1_Channel1_IRQHandler                          src/startup_stm32f303xc.o
DMA1_Channel2_IRQHandler                          src/startup_stm32f303xc.o
DMA1_Channel3_IRQHandler                          src/startup_stm32f303xc.o
DMA1_Channel4_IRQHandler                          src/startup_stm32f303xc.o
DMA1_Channel5_IRQHandler                          src/startup_stm32f303xc.o
DMA1_Channel6_IRQHandler                          src/startup_stm32f303xc.o
DMA1_Channel7_IRQHandler                          src/startup_stm32f303xc.o
DMA2_Channel1_IRQHandler                          src/startup_stm32f303xc.o
DMA2_Channel2_IRQHandler                          src/startup_stm32f303xc.o
DMA2_Channel3_IRQHandler                          src/startup_stm32f303xc.o
DMA2_Channel4_IRQHandler                          src/startup_stm32f303xc.o
DMA2_Channel5_IRQHandler                          src/startup_stm32f303xc.o
DebugMon_Handler                                  src/startup_stm32f303xc.o
Default_Handler                                   src/startup_stm32f303xc.o
EXTI0_IRQHandler                                  src/startup_stm32f303xc.o
EXTI15_10_IRQHandler                              src/startup_stm32f303xc.o
EXTI1_IRQHandler                                  src/startup_stm32f303xc.o
EXTI2_TSC_IRQHandler                              src/startup_stm32f303xc.o
EXTI3_IRQHandler                                  src/startup_stm32f303xc.o
EXTI4_IRQHandler                                  src/startup_stm32f303xc.o
EXTI9_5_IRQHandler                                src/startup_stm32f303xc.o
FLASH_IRQHandler                                  src/startup_stm32f303xc.o
FPU_IRQHandler                                    src/startup_stm32f303xc.o
HardFault_Handler                                 src/startup_stm32f303xc.o
I2C1_ER_IRQHandler                                src/startup_stm32f303xc.o
I2C1_EV_IRQHandler                                src/startup_stm32f303xc.o
I2C2_ER_IRQHandler                                src/startup_stm32f303xc.o
I2C2_EV_IRQHandler                                src/startup_stm32f303xc.o
LL_ADC_CommonDeInit                               Drivers/LowLevel/src/stm32f3xx_ll_adc.o
LL_ADC_CommonInit                                 Drivers/LowLevel/src/stm32f3xx_ll_adc.o
LL_ADC_CommonStructInit                           Drivers/LowLevel/src/stm32f3xx_ll_adc.o
LL_ADC_DeInit                                     Drivers/LowLevel/src/stm32f3xx_ll_adc.o
LL_ADC_INJ_Init                                   Drivers/LowLevel/src/stm32f3xx_ll_adc.o
LL_ADC_INJ_StructInit                             Drivers/LowLevel/src/stm32f3xx_ll_adc.o
LL_ADC_Init                                       Drivers/LowLevel/src/stm32f3xx_ll_adc.o
LL_ADC_REG_Init                                   Drivers/LowLevel/src/stm32f3xx_ll_adc.o
LL_ADC_REG_StructInit                             Drivers/LowLevel/src/stm32f3xx_ll_adc.o
LL_ADC_StructInit                                 Drivers/LowLevel/src/stm32f3xx_ll_adc.o
LL_COMP_DeInit                                    Drivers/LowLevel/src/stm32f3xx_ll_comp.o
LL_COMP_Init                                      Drivers/LowLevel/src/stm32f3xx_ll_comp.o
LL_COMP_StructInit                                Drivers/LowLevel/src/stm32f3xx_ll_comp.o
LL_CRC_DeInit                                     Drivers/LowLevel/src/stm32f3xx_ll_crc.o
LL_DAC_DeInit                                     Drivers/LowLevel/src/stm32f3xx_ll_dac.o
LL_DAC_Init                                       Drivers/LowLevel/src/stm32f3xx_ll_dac.o
LL_DAC_StructInit                                 Drivers/LowLevel/src/stm32f3xx_ll_dac.o
LL_DMA_DeInit                                     Drivers/LowLevel/src/stm32f3xx_ll_dma.o
LL_DMA_Init                                       Drivers/LowLevel/src/stm32f3xx_ll_dma.o
LL_DMA_StructInit                                 Drivers/LowLevel/src/stm32f3xx_ll_dma.o
LL_EXTI_DeInit                                    Drivers/LowLevel/src/stm32f3xx_ll_exti.o
LL_EXTI_Init                                      Drivers/LowLevel/src/stm32f3xx_ll_exti.o
LL_EXTI_StructInit                                Drivers/LowLevel/src/stm32f3xx_ll_exti.o
LL_GPIO_DeInit                                    Drivers/LowLevel/src/stm32f3xx_ll_gpio.o
LL_GPIO_Init                                      Drivers/LowLevel/src/stm32f3xx_ll_gpio.o
LL_GPIO_StructInit                                Drivers/LowLevel/src/stm32f3xx_ll_gpio.o
LL_I2C_DeInit                                     Drivers/LowLevel/src/stm32f3xx_ll_i2c.o
LL_I2C_Init                                       Drivers/LowLevel/src/stm32f3xx_ll_i2c.o
LL_I2C_StructInit                                 Drivers/LowLevel/src/stm32f3xx_ll_i2c.o
LL_I2S_ConfigPrescaler                            Drivers/LowLevel/src/stm32f3xx_ll_spi.o
LL_I2S_DeInit                                     Drivers/LowLevel/src/stm32f3xx_ll_spi.o
LL_I2S_Init                                       Drivers/LowLevel/src/stm32f3xx_ll_spi.o
LL_I2S_InitFullDuplex                             Drivers/LowLevel/src/stm32f3xx_ll_spi.o
LL_I2S_StructInit                                 Drivers/LowLevel/src/stm32f3xx_ll_spi.o
LL_Init1msTick                                    Drivers/LowLevel/src/stm32f3xx_ll_utils.o
LL_OPAMP_DeInit                                   Drivers/LowLevel/src/stm32f3xx_ll_opamp.o
LL_OPAMP_Init                                     Drivers/LowLevel/src/stm32f3xx_ll_opamp.o
LL_OPAMP_StructInit                               Drivers/LowLevel/src/stm32f3xx_ll_opamp.o
LL_PLL_ConfigSystemClock_HSE                      Drivers/LowLevel/src/stm32f3xx_ll_utils.o
LL_PLL_ConfigSystemClock_HSI                      Drivers/LowLevel/src/stm32f3xx_ll_utils.o
LL_PWR_DeInit                                     Drivers/LowLevel/src/stm32f3xx_ll_pwr.o
LL_RCC_DeInit                                     Drivers/LowLevel/src/stm32f3xx_ll_rcc.o
LL_RCC_GetADCClockFreq                            Drivers/LowLevel/src/stm32f3xx_ll_rcc.o
LL_RCC_GetI2CClockFreq                            Drivers/LowLevel/src/stm32f3xx_ll_rcc.o
LL_RCC_GetI2SClockFreq                            Drivers/LowLevel/src/stm32f3xx_ll_rcc.o
LL_RCC_GetSystemClocksFreq                        Drivers/LowLevel/src/stm32f3xx_ll_rcc.o
                                                  Drivers/LowLevel/src/stm32f3xx_ll_spi.o
LL_RCC_GetTIMClockFreq                            Drivers/LowLevel/src/stm32f3xx_ll_rcc.o
LL_RCC_GetUARTClockFreq                           Drivers/LowLevel/src/stm32f3xx_ll_rcc.o
                                                  Drivers/LowLevel/src/stm32f3xx_ll_usart.o
LL_RCC_GetUSARTClockFreq                          Drivers/LowLevel/src/stm32f3xx_ll_rcc.o
                                                  Drivers/LowLevel/src/stm32f3xx_ll_usart.o
LL_RCC_GetUSBClockFreq                            Drivers/LowLevel/src/stm32f3xx_ll_rcc.o
LL_RTC_ALMA_Init                                  Drivers/LowLevel/src/stm32f3xx_ll_rtc.o
LL_RTC_ALMA_StructInit                            Drivers/LowLevel/src/stm32f3xx_ll_rtc.o
LL_RTC_ALMB_Init                                  Drivers/LowLevel/src/stm32f3xx_ll_rtc.o
LL_RTC_ALMB_StructInit                            Drivers/LowLevel/src/stm32f3xx_ll_rtc.o
LL_RTC_DATE_Init                                  Drivers/LowLevel/src/stm32f3xx_ll_rtc.o
LL_RTC_DATE_StructInit                            Drivers/LowLevel/src/stm32f3xx_ll_rtc.o
LL_RTC_DeInit                                     Drivers/LowLevel/src/stm32f3xx_ll_rtc.o
LL_RTC_EnterInitMode                              Drivers/LowLevel/src/stm32f3xx_ll_rtc.o
LL_RTC_ExitInitMode                               Drivers/LowLevel/src/stm32f3xx_ll_rtc.o
LL_RTC_Init                                       Drivers/LowLevel/src/stm32f3xx_ll_rtc.o
LL_RTC_StructInit                                 Drivers/LowLevel/src/stm32f3xx_ll_rtc.o
LL_RTC_TIME_Init                                  Drivers/LowLevel/src/stm32f3xx_ll_rtc.o
LL_RTC_TIME_StructInit                            Drivers/LowLevel/src/stm32f3xx_ll_rtc.o
LL_RTC_WaitForSynchro                             Drivers/LowLevel/src/stm32f3xx_ll_rtc.o
LL_SPI_DeInit                                     Drivers/LowLevel/src/stm32f3xx_ll_spi.o
LL_SPI_Init                                       Drivers/LowLevel/src/stm32f3xx_ll_spi.o
                                                  src/spi.o
LL_SPI_StructInit                                 Drivers/LowLevel/src/stm32f3xx_ll_spi.o
LL_SetSystemCoreClock                             Drivers/LowLevel/src/stm32f3xx_ll_utils.o
LL_TIM_BDTR_Init                                  Drivers/LowLevel/src/stm32f3xx_ll_tim.o
LL_TIM_BDTR_StructInit                            Drivers/LowLevel/src/stm32f3xx_ll_tim.o
LL_TIM_DeInit                                     Drivers/LowLevel/src/stm32f3xx_ll_tim.o
LL_TIM_ENCODER_Init                               Drivers/LowLevel/src/stm32f3xx_ll_tim.o
LL_TIM_ENCODER_StructInit                         Drivers/LowLevel/src/stm32f3xx_ll_tim.o
LL_TIM_HALLSENSOR_Init                            Drivers/LowLevel/src/stm32f3xx_ll_tim.o
LL_TIM_HALLSENSOR_StructInit                      Drivers/LowLevel/src/stm32f3xx_ll_tim.o
LL_TIM_IC_Init                                    Drivers/LowLevel/src/stm32f3xx_ll_tim.o
LL_TIM_IC_StructInit                              Drivers/LowLevel/src/stm32f3xx_ll_tim.o
LL_TIM_Init                                       Drivers/LowLevel/src/stm32f3xx_ll_tim.o
LL_TIM_OC_Init                                    Drivers/LowLevel/src/stm32f3xx_ll_tim.o
LL_TIM_OC_StructInit                              Drivers/LowLevel/src/stm32f3xx_ll_tim.o
LL_TIM_StructInit                                 Drivers/LowLevel/src/stm32f3xx_ll_tim.o
LL_USART_ClockInit                                Drivers/LowLevel/src/stm32f3xx_ll_usart.o
LL_USART_ClockStructInit                          Drivers/LowLevel/src/stm32f3xx_ll_usart.o
LL_USART_DeInit                                   Drivers/LowLevel/src/stm32f3xx_ll_usart.o
LL_USART_Init                                     Drivers/LowLevel/src/stm32f3xx_ll_usart.o
LL_USART_StructInit                               Drivers/LowLevel/src/stm32f3xx_ll_usart.o
LL_mDelay                                         Drivers/LowLevel/src/stm32f3xx_ll_utils.o
MemManage_Handler                                 src/startup_stm32f303xc.o
NMI_Handler                                       src/startup_stm32f303xc.o
PVD_IRQHandler                                    src/startup_stm32f303xc.o
PendSV_Handler                                    src/startup_stm32f303xc.o
RCC_GetHCLKClockFreq                              Drivers/LowLevel/src/stm32f3xx_ll_rcc.o
RCC_GetPCLK1ClockFreq                             Drivers/LowLevel/src/stm32f3xx_ll_rcc.o
RCC_GetPCLK2ClockFreq                             Drivers/LowLevel/src/stm32f3xx_ll_rcc.o
RCC_GetSystemClockFreq                            Drivers/LowLevel/src/stm32f3xx_ll_rcc.o
RCC_IRQHandler                                    src/startup_stm32f303xc.o
RCC_PLL_GetFreqDomain_SYS                         Drivers/LowLevel/src/stm32f3xx_ll_rcc.o
RTC_Alarm_IRQHandler                              src/startup_stm32f303xc.o
RTC_WKUP_IRQHandler                               src/startup_stm32f303xc.o
Reset_Handler                                     src/startup_stm32f303xc.o
SPI1_IRQHandler                                   src/startup_stm32f303xc.o
SPI2_IRQHandler                                   src/startup_stm32f303xc.o
SPI3_IRQHandler                                   src/startup_stm32f303xc.o
SVC_Handler                                       src/startup_stm32f303xc.o
SpiDriver::SpiCsHigh()                            src/spi.o
                                                  FATFs/sd_stm32.o
SpiDriver::SpiCsLow()                             src/spi.o
                                                  FATFs/sd_stm32.o
SpiDriver::SpiDriver()                            src/spi.o
SpiDriver::SpiDriver()                            src/spi.o
                                                  src/main.o
SpiDriver::Transmit(unsigned char)                src/spi.o
                                                  FATFs/sd_stm32.o
SysTick_Handler                                   src/startup_stm32f303xc.o
SystemCoreClock                                   src/system_stm32f3xx.o
                                                  Drivers/LowLevel/src/stm32f3xx_ll_utils.o
SystemCoreClockUpdate                             src/system_stm32f3xx.o
SystemInit                                        src/system_stm32f3xx.o
                                                  src/startup_stm32f303xc.o
TAMP_STAMP_IRQHandler                             src/startup_stm32f303xc.o
TIM1_BRK_TIM15_IRQHandler                         src/startup_stm32f303xc.o
TIM1_CC_IRQHandler                                src/startup_stm32f303xc.o
TIM1_TRG_COM_TIM17_IRQHandler                     src/startup_stm32f303xc.o
TIM1_UP_TIM16_IRQHandler                          src/startup_stm32f303xc.o
TIM2_IRQHandler                                   src/startup_stm32f303xc.o
TIM3_IRQHandler                                   src/startup_stm32f303xc.o
TIM4_IRQHandler                                   src/startup_stm32f303xc.o
TIM6_DAC_IRQHandler                               src/startup_stm32f303xc.o
TIM7_IRQHandler                                   src/startup_stm32f303xc.o
TIM8_BRK_IRQHandler                               src/startup_stm32f303xc.o
TIM8_CC_IRQHandler                                src/startup_stm32f303xc.o
TIM8_TRG_COM_IRQHandler                           src/startup_stm32f303xc.o
TIM8_UP_IRQHandler                                src/startup_stm32f303xc.o
UART4_IRQHandler                                  src/startup_stm32f303xc.o
UART5_IRQHandler                                  src/startup_stm32f303xc.o
USART1_IRQHandler                                 src/startup_stm32f303xc.o
USART2_IRQHandler                                 src/startup_stm32f303xc.o
USART3_IRQHandler                                 src/startup_stm32f303xc.o
USBWakeUp_IRQHandler                              src/startup_stm32f303xc.o
USBWakeUp_RMP_IRQHandler                          src/startup_stm32f303xc.o
USB_HP_CAN_TX_IRQHandler                          src/startup_stm32f303xc.o
USB_HP_IRQHandler                                 src/startup_stm32f303xc.o
USB_LP_CAN_RX0_IRQHandler                         src/startup_stm32f303xc.o
USB_LP_IRQHandler                                 src/startup_stm32f303xc.o
UsageFault_Handler                                src/startup_stm32f303xc.o
WWDG_IRQHandler                                   src/startup_stm32f303xc.o
__LL_RCC_CALC_HCLK_FREQ                           Drivers/LowLevel/src/stm32f3xx_ll_utils.o
                                                  Drivers/LowLevel/src/stm32f3xx_ll_rcc.o
__LL_RCC_CALC_PCLK1_FREQ                          Drivers/LowLevel/src/stm32f3xx_ll_rcc.o
__LL_RCC_CALC_PCLK2_FREQ                          Drivers/LowLevel/src/stm32f3xx_ll_rcc.o
__deregister_frame_info                           /opt/Atollic_TrueSTUDIO_for_STM32_x86_64_9.0.1/ARMTools/bin/../lib/gcc/arm-atollic-eabi/6.3.1/armv7e-m/fpu/crtbegin.o
__dso_handle                                      /opt/Atollic_TrueSTUDIO_for_STM32_x86_64_9.0.1/ARMTools/bin/../lib/gcc/arm-atollic-eabi/6.3.1/armv7e-m/fpu/crtbegin.o
__init_array_end                                  /opt/Atollic_TrueSTUDIO_for_STM32_x86_64_9.0.1/ARMTools/bin/../lib/gcc/arm-atollic-eabi/6.3.1/../../../../arm-atollic-eabi/lib/armv7e-m/fpu/libc_nano.a(lib_a-init.o)
__init_array_start                                /opt/Atollic_TrueSTUDIO_for_STM32_x86_64_9.0.1/ARMTools/bin/../lib/gcc/arm-atollic-eabi/6.3.1/../../../../arm-atollic-eabi/lib/armv7e-m/fpu/libc_nano.a(lib_a-init.o)
__libc_init_array                                 /opt/Atollic_TrueSTUDIO_for_STM32_x86_64_9.0.1/ARMTools/bin/../lib/gcc/arm-atollic-eabi/6.3.1/../../../../arm-atollic-eabi/lib/armv7e-m/fpu/libc_nano.a(lib_a-init.o)
                                                  src/startup_stm32f303xc.o
__preinit_array_end                               /opt/Atollic_TrueSTUDIO_for_STM32_x86_64_9.0.1/ARMTools/bin/../lib/gcc/arm-atollic-eabi/6.3.1/../../../../arm-atollic-eabi/lib/armv7e-m/fpu/libc_nano.a(lib_a-init.o)
__preinit_array_start                             /opt/Atollic_TrueSTUDIO_for_STM32_x86_64_9.0.1/ARMTools/bin/../lib/gcc/arm-atollic-eabi/6.3.1/../../../../arm-atollic-eabi/lib/armv7e-m/fpu/libc_nano.a(lib_a-init.o)
__register_frame_info                             /opt/Atollic_TrueSTUDIO_for_STM32_x86_64_9.0.1/ARMTools/bin/../lib/gcc/arm-atollic-eabi/6.3.1/armv7e-m/fpu/crtbegin.o
_ebss                                             src/startup_stm32f303xc.o
_edata                                            src/startup_stm32f303xc.o
_estack                                           src/startup_stm32f303xc.o
_fini                                             /opt/Atollic_TrueSTUDIO_for_STM32_x86_64_9.0.1/ARMTools/bin/../lib/gcc/arm-atollic-eabi/6.3.1/armv7e-m/fpu/crti.o
_init                                             /opt/Atollic_TrueSTUDIO_for_STM32_x86_64_9.0.1/ARMTools/bin/../lib/gcc/arm-atollic-eabi/6.3.1/armv7e-m/fpu/crti.o
                                                  /opt/Atollic_TrueSTUDIO_for_STM32_x86_64_9.0.1/ARMTools/bin/../lib/gcc/arm-atollic-eabi/6.3.1/../../../../arm-atollic-eabi/lib/armv7e-m/fpu/libc_nano.a(lib_a-init.o)
_sbss                                             src/startup_stm32f303xc.o
_sdata                                            src/startup_stm32f303xc.o
_sidata                                           src/startup_stm32f303xc.o
_write                                            /opt/Atollic_TrueSTUDIO_for_STM32_x86_64_9.0.1/ARMTools/bin/../lib/gcc/arm-atollic-eabi/6.3.1/../../../../arm-atollic-eabi/lib/armv7e-m/fpu/libnosys.a(write.o)
                                                  src/tiny_printf.o
aADCPrescTable                                    Drivers/LowLevel/src/stm32f3xx_ll_rcc.o
clust2sect                                        FATFs/ff.o
disk_initialize                                   FATFs/sd_stm32.o
                                                  src/main.o
                                                  FATFs/ff.o
disk_ioctl                                        FATFs/sd_stm32.o
                                                  FATFs/ff.o
disk_read                                         FATFs/sd_stm32.o
                                                  FATFs/ff.o
disk_status                                       FATFs/sd_stm32.o
                                                  FATFs/ff.o
disk_timerproc                                    FATFs/sd_stm32.o
disk_write                                        FATFs/sd_stm32.o
                                                  FATFs/ff.o
errno                                             /opt/Atollic_TrueSTUDIO_for_STM32_x86_64_9.0.1/ARMTools/bin/../lib/gcc/arm-atollic-eabi/6.3.1/../../../../arm-atollic-eabi/lib/armv7e-m/fpu/libnosys.a(errno.o)
                                                  /opt/Atollic_TrueSTUDIO_for_STM32_x86_64_9.0.1/ARMTools/bin/../lib/gcc/arm-atollic-eabi/6.3.1/../../../../arm-atollic-eabi/lib/armv7e-m/fpu/libnosys.a(write.o)
f_chmod                                           FATFs/ff.o
f_close                                           FATFs/ff.o
                                                  src/main.o
f_getfree                                         FATFs/ff.o
f_lseek                                           FATFs/ff.o
f_mkdir                                           FATFs/ff.o
f_mount                                           FATFs/ff.o
                                                  src/main.o
f_open                                            FATFs/ff.o
                                                  src/main.o
f_opendir                                         FATFs/ff.o
f_read                                            FATFs/ff.o
                                                  src/main.o
f_readdir                                         FATFs/ff.o
f_rename                                          FATFs/ff.o
f_stat                                            FATFs/ff.o
f_sync                                            FATFs/ff.o
f_truncate                                        FATFs/ff.o
f_unlink                                          FATFs/ff.o
f_utime                                           FATFs/ff.o
f_write                                           FATFs/ff.o
fiprintf                                          src/tiny_printf.o
fprintf                                           src/tiny_printf.o
fputs                                             src/tiny_printf.o
fwrite                                            src/tiny_printf.o
g_pfnVectors                                      src/startup_stm32f303xc.o
get_fat                                           FATFs/ff.o
get_fattime                                       FATFs/ff.o
iprintf                                           src/tiny_printf.o
main                                              src/main.o
                                                  src/startup_stm32f303xc.o
printf                                            src/tiny_printf.o
put_fat                                           FATFs/ff.o
puts                                              src/tiny_printf.o
siprintf                                          src/tiny_printf.o
sprintf                                           src/tiny_printf.o
strlen                                            /opt/Atollic_TrueSTUDIO_for_STM32_x86_64_9.0.1/ARMTools/bin/../lib/gcc/arm-atollic-eabi/6.3.1/../../../../arm-atollic-eabi/lib/armv7e-m/fpu/libc_nano.a(lib_a-strlen.o)
                                                  src/tiny_printf.o
ts_formatlength                                   src/tiny_printf.o
ts_formatstring                                   src/tiny_printf.o
ts_itoa                                           src/tiny_printf.o
