stm32f3xx_hal_i2s.c:218:26:HAL_I2S_Init	16	static
stm32f3xx_hal_i2s.c:237:19:HAL_I2S_DeInit	16	static
stm32f3xx_hal_i2s.c:268:14:HAL_I2S_MspInit	16	static
stm32f3xx_hal_i2s.c:284:14:HAL_I2S_MspDeInit	16	static
stm32f3xx_hal_i2s.c:355:19:HAL_I2S_Transmit	24	static
stm32f3xx_hal_i2s.c:448:19:HAL_I2S_Receive	32	static
stm32f3xx_hal_i2s.c:548:19:HAL_I2S_Transmit_IT	24	static
stm32f3xx_hal_i2s.c:613:19:HAL_I2S_Receive_IT	24	static
stm32f3xx_hal_i2s.c:675:19:HAL_I2S_Transmit_DMA	32	static
stm32f3xx_hal_i2s.c:753:19:HAL_I2S_Receive_DMA	32	static
stm32f3xx_hal_i2s.c:830:26:HAL_I2S_DMAPause	16	static
stm32f3xx_hal_i2s.c:858:26:HAL_I2S_DMAResume	16	static
stm32f3xx_hal_i2s.c:893:26:HAL_I2S_DMAStop	16	static
stm32f3xx_hal_i2s.c:934:6:HAL_I2S_IRQHandler	24	static
stm32f3xx_hal_i2s.c:1007:14:HAL_I2S_TxHalfCpltCallback	16	static
stm32f3xx_hal_i2s.c:1023:14:HAL_I2S_TxCpltCallback	16	static
stm32f3xx_hal_i2s.c:1039:13:HAL_I2S_RxHalfCpltCallback	16	static
stm32f3xx_hal_i2s.c:1055:13:HAL_I2S_RxCpltCallback	16	static
stm32f3xx_hal_i2s.c:1071:14:HAL_I2S_ErrorCallback	16	static
stm32f3xx_hal_i2s.c:1106:22:HAL_I2S_GetState	16	static
stm32f3xx_hal_i2s.c:1117:10:HAL_I2S_GetError	16	static
stm32f3xx_hal_i2s.c:1138:13:I2S_DMATxCplt	24	static
stm32f3xx_hal_i2s.c:1159:13:I2S_DMATxHalfCplt	24	static
stm32f3xx_hal_i2s.c:1172:13:I2S_DMARxCplt	24	static
stm32f3xx_hal_i2s.c:1192:13:I2S_DMARxHalfCplt	24	static
stm32f3xx_hal_i2s.c:1205:13:I2S_DMAError	24	static
stm32f3xx_hal_i2s.c:1227:13:I2S_Transmit_IT	16	static
stm32f3xx_hal_i2s.c:1248:13:I2S_Receive_IT	16	static
stm32f3xx_hal_i2s.c:1273:26:I2S_WaitFlagStateUntilTimeout	32	static
